Data/avocado_not_city.csv
Unnamed: 0,Date,AveragePrice,Total Volume,4046,4225,4770,Total Bags,Small Bags,Large Bags,XLarge Bags,type,year,region
0,2015-12-27,1.81,7155.63,1478.79,2629.64,14.1,3033.1,2855.55,177.55,0.0,organic,2015,West Tex New Mexico
1,2015-12-20,1.92,6255.19,1512.45,2407.32,11.78,2323.64,2213.72,109.92,0.0,organic,2015,West Tex New Mexico
2,2015-12-13,1.8,7836.65,2194.49,2981.01,25.97,2635.18,2598.45,36.73,0.0,organic,2015,West Tex New Mexico
3,2015-11-29,2.08,4638.1,1395.02,2238.04,61.71,943.33,943.33,0.0,0.0,organic,2015,West Tex New Mexico
4,2015-11-22,1.97,6249.43,1733.4,2873.92,30.95,1611.16,1590.0,21.16,0.0,organic,2015,West Tex New Mexico
5,2015-11-15,1.92,8175.94,1925.21,3271.43,16.72,2962.58,2946.66,15.92,0.0,organic,2015,West Tex New Mexico
6,2015-11-08,1.98,7603.07,2198.14,3139.24,26.37,2239.32,2223.34,15.98,0.0,organic,2015,West Tex New Mexico
7,2015-11-01,1.92,7296.25,1652.42,3123.83,0.0,2520.0,2520.0,0.0,0.0,organic,2015,West Tex New Mexico
8,2015-10-25,2.0,6447.44,1235.04,2895.73,0.0,2316.67,2316.67,0.0,0.0,organic,2015,West Tex New Mexico
9,2015-10-18,2.02,7664.36,1523.54,3491.3,0.0,2649.52,2606.66,42.86,0.0,organic,2015,West Tex New Mexico
10,2015-10-11,2.05,7346.43,1544.38,3601.95,0.0,2200.1,2173.33,26.77,0.0,organic,2015,West Tex New Mexico
11,2015-10-04,2.01,8059.96,1690.85,3621.73,0.0,2747.38,2723.34,24.04,0.0,organic,2015,West Tex New Mexico
12,2015-09-27,1.76,8150.95,1500.18,5237.43,0.0,1413.34,1406.67,6.67,0.0,organic,2015,West Tex New Mexico
13,2015-09-20,2.19,5023.44,896.41,2911.75,0.0,1215.28,1190.0,25.28,0.0,organic,2015,West Tex New Mexico
14,2015-09-13,1.99,6608.39,1309.78,3114.34,0.0,2184.27,1763.34,420.93,0.0,organic,2015,West Tex New Mexico
15,2015-09-06,1.78,10554.69,3494.93,3556.76,0.0,3503.0,2866.67,636.33,0.0,organic,2015,West Tex New Mexico
16,2015-08-30,1.69,11459.06,4328.13,3911.96,0.0,3218.97,2383.33,835.64,0.0,organic,2015,West Tex New Mexico
17,2015-08-23,1.61,11341.36,5070.74,3018.12,0.0,3252.5,2216.67,1035.83,0.0,organic,2015,West Tex New Mexico
18,2015-08-16,1.66,11538.97,3284.92,5434.82,0.0,2819.23,2726.66,92.57,0.0,organic,2015,West Tex New Mexico
19,2015-08-09,1.86,10167.7,3994.02,3545.8,0.0,2627.88,2516.67,111.21,0.0,organic,2015,West Tex New Mexico
20,2015-08-02,1.9,8369.4,4238.86,3463.41,0.0,667.13,596.67,70.46,0.0,organic,2015,West Tex New Mexico
21,2015-07-26,1.84,7977.11,2951.21,3851.35,0.0,1174.55,960.0,214.55,0.0,organic,2015,West Tex New Mexico
22,2015-07-19,1.74,6864.82,2502.95,3493.83,0.0,868.04,266.67,601.37,0.0,organic,2015,West Tex New Mexico
23,2015-07-12,1.96,6689.54,2449.63,3542.77,0.0,697.14,553.33,143.81,0.0,organic,2015,West Tex New Mexico
24,2015-07-05,1.58,13816.71,6430.36,4300.0,0.0,3086.35,2744.5,341.85,0.0,organic,2015,West Tex New Mexico
25,2015-06-28,1.58,11456.41,5443.3,3745.9,0.0,2267.21,1460.2,807.01,0.0,organic,2015,West Tex New Mexico
26,2015-06-21,1.66,11100.27,5294.94,4443.29,0.0,1362.04,1035.3,326.74,0.0,organic,2015,West Tex New Mexico
27,2015-06-14,1.55,13506.32,4106.03,5782.57,0.0,3617.72,2706.67,911.05,0.0,organic,2015,West Tex New Mexico
28,2015-06-07,1.48,13363.66,5337.04,4286.32,0.0,3740.3,2190.2,1550.1,0.0,organic,2015,West Tex New Mexico
29,2015-05-31,1.39,13968.18,5389.41,5289.93,0.0,3288.84,1948.63,1340.21,0.0,organic,2015,West Tex New Mexico
30,2015-05-24,1.38,14314.2,6545.88,4514.13,0.0,3254.19,1826.67,1427.52,0.0,organic,2015,West Tex New Mexico
31,2015-05-17,1.42,16514.55,7604.41,5425.94,0.0,3484.2,1936.67,1547.53,0.0,organic,2015,West Tex New Mexico
32,2015-05-10,1.43,13607.51,5881.71,4326.02,6.9,3392.88,1853.33,1539.55,0.0,organic,2015,West Tex New Mexico
33,2015-05-03,1.51,12166.64,4523.43,4781.85,0.0,2861.36,1523.33,1338.03,0.0,organic,2015,West Tex New Mexico
34,2015-04-26,1.92,19634.24,3284.15,12724.89,4.6,3620.6,2616.67,1003.93,0.0,organic,2015,West Tex New Mexico
35,2015-04-19,1.6,11075.85,3654.28,4477.34,0.0,2944.23,1770.0,1174.23,0.0,organic,2015,West Tex New Mexico
36,2015-04-12,1.66,8335.28,2470.16,3359.63,0.0,2505.49,1860.22,645.27,0.0,organic,2015,West Tex New Mexico
37,2015-04-05,1.8,9073.21,2827.97,3353.79,0.0,2891.45,2619.58,271.87,0.0,organic,2015,West Tex New Mexico
38,2015-03-29,1.77,7485.54,2193.27,3230.94,0.0,2061.33,2061.33,0.0,0.0,organic,2015,West Tex New Mexico
39,2015-03-22,1.84,7771.97,2209.54,3525.73,0.0,2036.7,2036.7,0.0,0.0,organic,2015,West Tex New Mexico
40,2015-03-15,1.82,6046.98,1732.58,2997.73,0.0,1316.67,1316.67,0.0,0.0,organic,2015,West Tex New Mexico
41,2015-03-08,1.59,10407.27,2757.69,2923.89,0.0,4725.69,4715.39,10.3,0.0,organic,2015,West Tex New Mexico
42,2015-03-01,1.64,8743.37,2206.18,2725.29,0.0,3811.9,3811.9,0.0,0.0,organic,2015,West Tex New Mexico
43,2015-02-22,1.71,8720.44,2209.31,3488.67,0.0,3022.46,3017.22,5.24,0.0,organic,2015,West Tex New Mexico
44,2015-02-15,1.7,7309.84,2095.43,2610.02,0.0,2604.39,2604.39,0.0,0.0,organic,2015,West Tex New Mexico
45,2015-02-08,1.66,9271.68,2240.97,2867.38,0.0,4163.33,4163.33,0.0,0.0,organic,2015,West Tex New Mexico
46,2015-02-01,1.77,7210.19,1634.42,3012.44,0.0,2563.33,2563.33,0.0,0.0,organic,2015,West Tex New Mexico
47,2015-01-25,1.63,7324.06,1934.46,3032.72,0.0,2356.88,2320.0,36.88,0.0,organic,2015,West Tex New Mexico
48,2015-01-18,1.71,5508.2,1793.64,2078.72,0.0,1635.84,1620.0,15.84,0.0,organic,2015,West Tex New Mexico
49,2015-01-11,1.69,6861.73,1822.28,2377.54,0.0,2661.91,2656.66,5.25,0.0,organic,2015,West Tex New Mexico
50,2015-01-04,1.64,6182.81,1561.3,2958.17,0.0,1663.34,1663.34,0.0,0.0,organic,2015,West Tex New Mexico
0,2016-12-25,1.31,17382.2,1381.72,3099.16,20.05,12881.27,12843.07,38.2,0.0,organic,2016,West Tex New Mexico
1,2016-12-18,1.34,11406.5,945.89,2571.83,31.47,7857.31,7819.17,38.14,0.0,organic,2016,West Tex New Mexico
2,2016-12-11,1.54,13227.83,790.03,3777.96,60.01,8599.83,8510.92,88.91,0.0,organic,2016,West Tex New Mexico
3,2016-12-04,1.82,9895.04,819.39,2435.34,19.99,6620.32,6533.87,86.45,0.0,organic,2016,West Tex New Mexico
4,2016-11-27,1.72,9783.93,1014.39,2423.56,0.0,6345.98,6307.59,38.39,0.0,organic,2016,West Tex New Mexico
5,2016-11-20,1.75,11140.07,1377.62,3897.77,2.85,5861.83,5848.5,13.33,0.0,organic,2016,West Tex New Mexico
6,2016-11-13,1.59,14666.55,1302.11,3840.13,11.41,9512.9,9443.44,69.46,0.0,organic,2016,West Tex New Mexico
7,2016-11-06,2.01,8433.01,1281.15,5281.54,8.56,1861.76,1804.65,57.11,0.0,organic,2016,West Tex New Mexico
8,2016-10-30,2.57,5647.48,593.81,4865.11,8.56,180.0,176.67,3.33,0.0,organic,2016,West Tex New Mexico
9,2016-10-23,2.27,4582.72,758.61,3479.36,11.41,333.34,333.34,0.0,0.0,organic,2016,West Tex New Mexico
10,2016-10-16,2.93,5373.88,901.06,3284.87,8.55,1179.4,1146.07,33.33,0.0,organic,2016,West Tex New Mexico
11,2016-10-09,2.35,6223.98,1319.88,2864.97,8.55,2030.58,1993.91,36.67,0.0,organic,2016,West Tex New Mexico
12,2016-10-02,2.79,5562.0,790.45,3627.36,14.25,1129.94,1116.94,13.0,0.0,organic,2016,West Tex New Mexico
13,2016-09-25,2.83,4984.76,652.27,3047.02,8.54,1276.93,1231.67,45.26,0.0,organic,2016,West Tex New Mexico
14,2016-09-18,1.77,10726.53,1561.83,2483.57,5.69,6675.44,6399.23,276.21,0.0,organic,2016,West Tex New Mexico
15,2016-09-11,1.87,13156.18,2037.56,3390.26,0.0,7728.36,5526.32,2202.04,0.0,organic,2016,West Tex New Mexico
16,2016-09-04,1.82,14809.52,3062.97,3324.14,0.0,8422.41,4847.6,3574.81,0.0,organic,2016,West Tex New Mexico
17,2016-08-28,1.69,13652.91,2630.75,2321.75,11.34,8689.07,5137.77,3551.3,0.0,organic,2016,West Tex New Mexico
18,2016-08-21,1.76,15357.93,3349.0,3122.34,17.0,8869.59,4720.0,4149.59,0.0,organic,2016,West Tex New Mexico
19,2016-08-14,1.72,16857.19,3292.5,2737.61,16.99,10810.09,6816.67,3993.42,0.0,organic,2016,West Tex New Mexico
20,2016-08-07,1.78,17562.46,3788.5,2995.35,22.63,10755.98,6086.67,4669.31,0.0,organic,2016,West Tex New Mexico
21,2016-07-31,1.84,16389.34,3381.02,3234.02,28.27,9746.03,5696.67,4049.36,0.0,organic,2016,West Tex New Mexico
22,2016-07-24,1.99,16025.11,3853.35,4310.26,8.49,7853.01,3647.77,4205.24,0.0,organic,2016,West Tex New Mexico
23,2016-07-17,1.89,20129.64,4933.26,4562.27,0.0,10634.11,5736.67,4897.44,0.0,organic,2016,West Tex New Mexico
24,2016-07-10,1.65,23418.88,5754.48,5221.55,0.0,12442.85,5753.33,6689.52,0.0,organic,2016,West Tex New Mexico
25,2016-07-03,1.43,22964.25,6310.64,5419.26,8.52,11225.83,3343.33,7882.5,0.0,organic,2016,West Tex New Mexico
26,2016-06-26,1.38,21667.76,5547.63,6169.07,14.21,9936.85,4803.33,5133.52,0.0,organic,2016,West Tex New Mexico
27,2016-06-19,1.37,18402.19,6836.26,6446.18,14.24,5105.51,2193.34,2912.17,0.0,organic,2016,West Tex New Mexico
28,2016-06-12,1.36,19518.92,8202.09,5855.07,1465.64,3996.12,2191.79,1804.33,0.0,organic,2016,West Tex New Mexico
29,2016-06-05,1.29,24167.8,6253.6,7313.37,1359.7,9241.13,5613.33,3627.8,0.0,organic,2016,West Tex New Mexico
30,2016-05-29,1.35,47067.58,4805.12,25176.83,7675.68,9409.95,6003.34,3406.61,0.0,organic,2016,West Tex New Mexico
31,2016-05-22,1.36,30983.48,6703.59,12464.46,999.34,10816.09,4708.3,6107.79,0.0,organic,2016,West Tex New Mexico
32,2016-05-15,1.25,50809.3,6329.81,28751.94,572.18,15155.37,5948.7,9206.67,0.0,organic,2016,West Tex New Mexico
33,2016-05-08,1.1,41244.99,4759.58,9207.54,14337.18,12940.69,7111.59,5829.1,0.0,organic,2016,West Tex New Mexico
34,2016-05-01,1.09,52358.11,5422.01,17237.12,21948.79,7750.19,5167.45,2582.74,0.0,organic,2016,West Tex New Mexico
35,2016-04-24,1.36,38767.82,2907.01,25699.0,262.86,9898.95,5774.63,4124.32,0.0,organic,2016,West Tex New Mexico
36,2016-04-17,1.36,37885.9,2655.44,25121.02,177.35,9932.09,5036.29,4895.8,0.0,organic,2016,West Tex New Mexico
37,2016-04-10,1.31,21561.29,3204.95,7746.53,111.55,10498.26,8558.96,1939.3,0.0,organic,2016,West Tex New Mexico
38,2016-04-03,1.29,20698.7,2278.61,6800.76,58.05,11561.28,10538.62,1022.66,0.0,organic,2016,West Tex New Mexico
39,2016-03-27,1.41,17528.02,2983.3,6722.24,53.08,7769.4,7268.06,501.34,0.0,organic,2016,West Tex New Mexico
40,2016-03-20,1.47,15705.35,2731.96,6730.01,52.95,6190.43,6185.08,5.35,0.0,organic,2016,West Tex New Mexico
41,2016-03-13,1.3,18611.51,1716.44,8405.31,60.03,8429.73,8365.7,64.03,0.0,organic,2016,West Tex New Mexico
42,2016-03-06,1.32,18916.59,2653.06,5464.63,14.37,10784.53,10704.67,79.86,0.0,organic,2016,West Tex New Mexico
43,2016-02-28,1.36,16034.56,2064.7,5044.66,7.17,8918.03,8879.53,38.5,0.0,organic,2016,West Tex New Mexico
44,2016-02-21,1.48,14413.74,1308.04,4865.24,4.77,8235.69,7090.72,1144.97,0.0,organic,2016,West Tex New Mexico
45,2016-02-14,1.39,15805.58,1483.39,4975.83,38.02,9308.34,6330.13,2978.21,0.0,organic,2016,West Tex New Mexico
46,2016-02-07,1.49,13712.44,1451.0,4199.43,37.92,8024.09,7913.5,110.59,0.0,organic,2016,West Tex New Mexico
47,2016-01-31,1.64,11626.56,1618.9,4032.03,2.34,5973.29,5957.67,15.62,0.0,organic,2016,West Tex New Mexico
48,2016-01-24,1.47,12171.04,1554.09,4656.41,9.36,5951.18,5852.36,98.82,0.0,organic,2016,West Tex New Mexico
49,2016-01-17,1.45,13237.48,1912.6,4779.17,25.72,6519.99,6447.25,72.74,0.0,organic,2016,West Tex New Mexico
50,2016-01-10,1.37,12647.9,1591.6,4070.29,23.41,6962.6,6780.56,182.04,0.0,organic,2016,West Tex New Mexico
51,2016-01-03,1.58,9667.05,1820.39,2783.11,16.41,5047.14,4651.16,395.98,0.0,organic,2016,West Tex New Mexico
